Log: [7e0a676b-ddd3-47db-9c55-8b75bb7df54e:2026-02-14T19:23:02.000413+0300 - INFO - Successfully accessed /docs]
Log: [e291be62-7933-4242-a334-0a798027bf08:2026-02-14T19:23:02.102003+0300 - INFO - Successfully accessed /openapi.json]
Log: [ed748194-8c9f-4fc1-b8de-68f6148a1784:2026-02-14T19:23:27.932782+0300 - INFO - Successfully accessed /categories/]
Log: [3ed0f68a-b427-4fb0-9c6f-fc2d6df55725:2026-02-14T19:23:37.231482+0300 - INFO - Successfully accessed /products/]
Log: [811fb586-c631-4fa2-a0a2-3b077cfea02b:2026-02-14T19:28:04.997698+0300 - WARNING - Request to /test failed]
Log: [8d640b0c-674e-4571-bdd8-c32f54765f91:2026-02-14T19:28:57.063248+0300 - ERROR - Request to / failed: ]
Log: [c73e7c91-ca05-41c4-92c2-cee234034da0:2026-02-14T19:29:13.462405+0300 - INFO - Successfully accessed /categories/]
Log: [a9d284da-50b4-43ca-880d-841b731d4d8d:2026-02-18T13:09:54.427964+0300 - INFO - Successfully accessed /]
Log: [427926e1-4f4a-40c0-b248-7371b40ec452:2026-02-18T13:10:00.386530+0300 - INFO - Successfully accessed /]
Log: [59e6b574-81cc-4a8a-ae6f-77e5381b9f35:2026-02-18T13:10:00.938412+0300 - INFO - Successfully accessed /docs]
Log: [91ba2479-18f5-4687-b70c-8fddd44d13fa:2026-02-18T13:10:01.083406+0300 - INFO - Successfully accessed /openapi.json]
Log: [df1c4179-de27-401d-a824-d19b8a5e51c6:2026-02-18T13:10:27.116037+0300 - INFO - Successfully accessed /]
Log: [21ba67b0-b508-4da1-9eb3-c7cebe3ce21e:2026-02-18T13:10:31.988892+0300 - INFO - Successfully accessed /]
Log: [93cce32b-0df7-4dbe-9792-dc9bfc75ea1f:2026-02-18T13:10:32.640263+0300 - INFO - Successfully accessed /docs]
Log: [accfbfc8-2762-4aee-8761-9aa7886c6eec:2026-02-18T13:10:32.717364+0300 - INFO - Successfully accessed /openapi.json]
Log: [614b9d3a-fb82-4aa5-9661-dbb7f1abca6a:2026-02-18T13:10:38.028920+0300 - ERROR - Request to /categories/ failed: Multiple exceptions: [Errno 61] Connect call failed ('::1', 5434, 0, 0), [Errno 61] Connect call failed ('127.0.0.1', 5434)]
Log: [9711659f-1980-4671-a662-2b6bb04571f1:2026-02-18T15:14:58.766290+0300 - INFO - Successfully accessed /]
Log: [21632e09-1523-492e-8e5e-f9e64db9dabf:2026-02-18T15:15:02.392429+0300 - INFO - Successfully accessed /]
Log: [68a8b434-40f6-4536-b451-411cb7f7442f:2026-02-18T15:15:03.050143+0300 - INFO - Successfully accessed /docs]
Log: [7fd0a5d3-169b-46ab-b345-5bb9ec6589ef:2026-02-18T15:15:03.168578+0300 - INFO - Successfully accessed /openapi.json]
Log: [ff3e6f7e-d85f-4b58-8fe0-57a9e341bfbb:2026-02-18T15:15:06.404361+0300 - INFO - Successfully accessed /categories/]
Log: [5665b081-7aaf-4bbc-bcf4-80da2c9c924a:2026-02-18T15:15:18.693975+0300 - INFO - Successfully accessed /products/]
Log: [b38b32a4-0705-4db2-9268-72039ace8de6:2026-02-18T15:17:08.329611+0300 - INFO - Successfully accessed /docs]
Log: [a07fbab0-cf31-4492-a1a7-a9bf9698fbf8:2026-02-18T15:17:08.375910+0300 - INFO - Successfully accessed /openapi.json]
Log: [62beeab4-edef-4315-9880-b4fc16d4efd5:2026-02-18T15:17:11.986385+0300 - ERROR - Request to /categories/ failed: Multiple exceptions: [Errno 61] Connect call failed ('::1', 5434, 0, 0), [Errno 61] Connect call failed ('127.0.0.1', 5434)]
Log: [f2c54dad-e6db-4cee-8183-e26579deafbc:2026-02-18T15:17:38.313657+0300 - INFO - Successfully accessed /docs]
Log: [a8cb5348-51ae-4646-8f49-5219ba6d779a:2026-02-18T15:17:38.348894+0300 - INFO - Successfully accessed /openapi.json]
Log: [c30f01dd-6c2a-4e52-b651-1fe7e7aa3e82:2026-02-18T15:17:41.634098+0300 - INFO - Successfully accessed /categories/]
Log: [1cea1fc0-8bb9-4f7c-a64f-0991b8e98724:2026-02-18T15:17:43.989158+0300 - INFO - Successfully accessed /categories/]
Log: [0e747948-025b-4b55-a60b-d7dd96082d04:2026-02-18T15:17:58.590268+0300 - INFO - Successfully accessed /]
Log: [0150a8fd-baec-413c-929b-9cdabbbcdff5:2026-02-18T15:18:09.018818+0300 - INFO - Successfully accessed /docs]
Log: [ee0d97bc-f0e5-4810-b275-e409805de5b3:2026-02-18T15:18:09.087937+0300 - INFO - Successfully accessed /openapi.json]
Log: [81cd66c1-8423-4a84-99fd-06d1ddb7d50d:2026-02-18T15:18:09.754879+0300 - INFO - Successfully accessed /]
